// 重构日志: 9444d0fb
// 重构日志: dc953582
// 重构日志: 1ca9d854
// 同步 ID: b14a9938 @ Tue Jul 28 07:01:17 UTC 2026
// 重构日志: 8148b1a5
// 同步 ID: 57032e06 @ Wed Jul 29 10:33:11 UTC 2026
// 重构日志: 77c50247
// 重构日志: 1defa972
// 重构日志: 35329c78
// 重构日志: 6ba37560
// 重构日志: d8571a05
// 重构日志: 74e9dd05
// 同步 ID: 80971823 @ Fri Jul 31 10:54:51 UTC 2026
// 同步 ID: 8a96f9ee @ Fri Jul 31 16:01:13 UTC 2026
// 重构日志: 5b8d225c
// 同步 ID: c41002b0 @ Sat Aug  1 03:46:29 UTC 2026
// 同步 ID: 9d589222 @ Sat Aug  1 12:32:00 UTC 2026
// 同步 ID: 3487fd89 @ Sat Aug  1 18:06:03 UTC 2026
// 重构日志: bb5aa2c1
// 重构日志: 97426151
// 重构日志: 3e6f5a57
// 重构日志: 9baaf702
// 同步 ID: 6f3c8ea1 @ Mon Aug  3 15:49:04 UTC 2026
// 同步 ID: 9ab59312 @ Tue Aug  4 10:36:04 UTC 2026
// 重构日志: ca50fe56
// 重构日志: 85b821bc
// 重构日志: 5d7156e0
// 重构日志: 56efdc39
// 重构日志: d49d3284
// 同步 ID: 4ec84472 @ Sat Aug  8 12:18:07 UTC 2026
